Microchip MPLAB XC8 Compiler V1.38 ()

Linker command line:

-W-3 --edf=C:\Program Files (x86)\Microchip\xc8\v1.38\dat\en_msgs.txt -cs \
  -h+dist/Main_config/production\CO2_sensor_system.X.production.sym \
  --cmf=dist/Main_config/production\CO2_sensor_system.X.production.cmf -z \
  -Q12F683 -oC:\Users\Kjetil\AppData\Local\Temp\sdh0.2 \
  -Mdist/Main_config/production/CO2_sensor_system.X.production.map -E1 \
  -ver=XC8 -ASTACK=040h-06fh -pstack=STACK -ACODE=00h-07FFh \
  -ASTRCODE=00h-07FFh -ASTRING=00h-0FFhx8 -ACONST=00h-0FFhx8 \
  -AENTRY=00h-0FFhx8 -ACOMMON=070h-07Fh -ABANK0=020h-06Fh -ABANK1=0A0h-0BFh \
  -ARAM=020h-06Fh,0A0h-0BFh -AABS1=020h-07Fh,0A0h-0BFh -ASFR0=00h-01Fh \
  -ASFR1=080h-09Fh -preset_vec=00h,intentry=04h,init,end_init \
  -ppowerup=CODE -pcinit=CODE -pfunctab=CODE -ACONFIG=02007h-02007h \
  -pconfig=CONFIG -DCONFIG=2 -AIDLOC=02000h-02003h -pidloc=IDLOC -DIDLOC=2 \
  -AEEDATA=00h-0FFh/02100h -peeprom_data=EEDATA -DEEDATA=2 -DCODE=2 \
  -DSTRCODE=2 -DSTRING=2 -DCONST=2 -DENTRY=2 -k \
  C:\Users\Kjetil\AppData\Local\Temp\sdh0.obj \
  dist/Main_config/production\CO2_sensor_system.X.production.obj 

Object code version is 3.11

Machine type is 12F683



                Name                               Link     Load   Length Selector   Space Scale
C:\Users\Kjetil\AppData\Local\Temp\sdh0.obj
                end_init                              A        A        1        8       0
                reset_vec                             0        0        1        0       0
                config                             2007     2007        1     400E       0
dist/Main_config/production\CO2_sensor_system.X.production.obj
                cinit                                 B        B        2        8       0
                intentry                              4        4        6        8       0
                text12                              289      289        7        8       0
                text11                              291      291        1        8       0
                text10                              27E      27E        B        8       0
                text9                               194      194       42        8       0
                text8                                E7       E7       68        8       0
                text7                               1D6      1D6       2C        8       0
                text6                                 D        D       DA        8       0
                text5                               14F      14F       45        8       0
                text4                               24A      24A       1B        8       0
                text3                               265      265       19        8       0
                text2                               229      229       21        8       0
                text1                               290      290        1        8       0
                maintext                            202      202       27        8       0
                cstackBANK0                          20       20       20       20       1
                cstackCOMMON                         70       70        C       70       1

TOTAL           Name                               Link     Load   Length     Space
        CLASS   STACK          

        CLASS   CODE           
                end_init                              A        A        1         0
                cinit                                 B        B        2         0
                intentry                              4        4        6         0
                reset_vec                             0        0        1         0
                text12                              289      289        7         0
                text11                              291      291        1         0
                text10                              27E      27E        B         0
                text9                               194      194       42         0
                text8                                E7       E7       68         0
                text7                               1D6      1D6       2C         0
                text6                                 D        D       DA         0
                text5                               14F      14F       45         0
                text4                               24A      24A       1B         0
                text3                               265      265       19         0
                text2                               229      229       21         0
                text1                               290      290        1         0
                maintext                            202      202       27         0

        CLASS   STRCODE        

        CLASS   STRING         

        CLASS   CONST          

        CLASS   ENTRY          

        CLASS   COMMON         
                cstackCOMMON                         70       70        C         1

        CLASS   BANK0          
                cstackBANK0                          20       20       20         1

        CLASS   BANK1          

        CLASS   RAM            

        CLASS   ABS1           
                abs_s1                               7E       7E        2         1

        CLASS   SFR0           

        CLASS   SFR1           

        CLASS   CONFIG         
                config                             2007     2007        1         0

        CLASS   IDLOC          

        CLASS   EEDATA         



SEGMENTS        Name                           Load    Length   Top    Selector   Space  Class     Delta

                reset_vec                      000000  000001  000001         0       0  CODE        2
                intentry                       000004  00028E  000292         8       0  CODE        2
                cstackBANK0                    000020  000020  000040        20       1  BANK0       1
                cstackCOMMON                   000070  00000C  00007C        70       1  COMMON      1
                config                         002007  000001  002008      400E       0  CONFIG      2


UNUSED ADDRESS RANGES

        Name                Unused          Largest block    Delta
        BANK0            0040-006F             30           1
        BANK1            00A0-00BF             20           1
        CODE             0001-0003              3           2
                         0292-07FF            56E
        COMMON           007C-007D              2           1
        CONST            0001-0003              3           2
                         0292-07FF            100
        EEDATA           2100-21FF            100           2
        ENTRY            0001-0003              3           2
                         0292-07FF            100
        IDLOC            2000-2003              4           2
        RAM              0040-006F             30           1
                         00A0-00BF             20
        SFR0             0000-001F             20           1
        SFR1             0080-009F             20           1
        STACK            0040-006F             30           1
        STRCODE          0001-0003              3           2
                         0292-07FF            56E
        STRING           0001-0003              3           2
                         0292-07FF            100

                                  Symbol Table

?___awdiv                      cstackCOMMON 0078
?___awtoft                     cstackBANK0  0024
?___ftdiv                      cstackBANK0  0020
?___ftpack                     cstackCOMMON 0072
?___wmul                       cstackCOMMON 0072
?_getResultLed                 cstackBANK0  0035
?_getSensorMeasurement         cstackBANK0  0028
_ADCON0bits                    (abs)        001F
_ADRESH                        (abs)        001E
_ConfigureOscillator           text11       0291
_InitApp                       text10       027E
_TRISIObits                    (abs)        0085
__CFG_BOREN$ON                 (abs)        0000
__CFG_CP$OFF                   (abs)        0000
__CFG_CPD$OFF                  (abs)        0000
__CFG_FCMEN$ON                 (abs)        0000
__CFG_FOSC$INTOSCIO            (abs)        0000
__CFG_IESO$ON                  (abs)        0000
__CFG_MCLRE$ON                 (abs)        0000
__CFG_PWRTE$OFF                (abs)        0000
__CFG_WDTE$OFF                 (abs)        0000
__Habs1                        abs1         0000
__Hbank0                       bank0        0000
__Hbank1                       bank1        0000
__Hcinit                       cinit        000D
__Hclrtext                     clrtext      0000
__Hcode                        code         0000
__Hcommon                      common       0000
__Hconfig                      config       2008
__HcstackBANK0                 cstackBANK0  0000
__HcstackCOMMON                cstackCOMMON 0000
__Heeprom_data                 eeprom_data  0000
__Hend_init                    end_init     000B
__Hfunctab                     functab      0000
__Hidloc                       idloc        0000
__Hinit                        init         000A
__Hintentry                    intentry     000A
__Hmaintext                    maintext     0000
__Hpa_nodes                    pa_nodes     0000
__Hpowerup                     powerup      0000
__Hram                         ram          0000
__Hreset_vec                   reset_vec    0001
__Hsfr0                        sfr0         0000
__Hsfr1                        sfr1         0000
__Hspace_0                     (abs)        2008
__Hspace_1                     (abs)        007C
__Hspace_2                     (abs)        0000
__Hspace_3                     (abs)        0000
__Hstack                       stack        0000
__Hstrings                     strings      0000
__Htext                        text         0000
__Labs1                        abs1         0000
__Lbank0                       bank0        0000
__Lbank1                       bank1        0000
__Lcinit                       cinit        000B
__Lclrtext                     clrtext      0000
__Lcode                        code         0000
__Lcommon                      common       0000
__Lconfig                      config       2007
__LcstackBANK0                 cstackBANK0  0000
__LcstackCOMMON                cstackCOMMON 0000
__Leeprom_data                 eeprom_data  0000
__Lend_init                    end_init     000A
__Lfunctab                     functab      0000
__Lidloc                       idloc        0000
__Linit                        init         000A
__Lintentry                    intentry     0004
__Lmaintext                    maintext     0000
__Lpa_nodes                    pa_nodes     0000
__Lpowerup                     powerup      0000
__Lram                         ram          0000
__Lreset_vec                   reset_vec    0000
__Lsfr0                        sfr0         0000
__Lsfr1                        sfr1         0000
__Lspace_0                     (abs)        0000
__Lspace_1                     (abs)        0000
__Lspace_2                     (abs)        0000
__Lspace_3                     (abs)        0000
__Lstack                       stack        0000
__Lstrings                     strings      0000
__Ltext                        text         0000
__S0                           (abs)        2008
__S1                           (abs)        007C
__S2                           (abs)        0000
__S3                           (abs)        0000
___awdiv                       text5        014F
___awdiv@counter               cstackBANK0  0020
___awdiv@dividend              cstackCOMMON 007A
___awdiv@divisor               cstackCOMMON 0078
___awdiv@quotient              cstackBANK0  0022
___awdiv@sign                  cstackBANK0  0021
___awtoft                      text4        024A
___awtoft@c                    cstackBANK0  0024
___awtoft@sign                 cstackBANK0  0027
___ftdiv                       text8        00E7
___ftdiv@cntr                  cstackBANK0  0029
___ftdiv@exp                   cstackBANK0  002D
___ftdiv@f1                    cstackBANK0  0023
___ftdiv@f2                    cstackBANK0  0020
___ftdiv@f3                    cstackBANK0  002A
___ftdiv@sign                  cstackBANK0  002E
___ftge                        text7        01D6
___ftge@ff1                    cstackBANK0  002F
___ftge@ff2                    cstackBANK0  0032
___ftpack                      text9        0194
___ftpack@arg                  cstackCOMMON 0072
___ftpack@exp                  cstackCOMMON 0075
___ftpack@sign                 cstackCOMMON 0076
___int_sp                      stack        0000
___latbits                     (abs)        0000
___sp                          stack        0000
___wmul                        text3        0265
___wmul@multiplicand           cstackCOMMON 0074
___wmul@multiplier             cstackCOMMON 0072
___wmul@product                cstackCOMMON 0076
__end_of_ConfigureOscillator   text11       0292
__end_of_InitApp               text10       0289
__end_of___awdiv               text5        0194
__end_of___awtoft              text4        0265
__end_of___ftdiv               text8        014F
__end_of___ftge                text7        0202
__end_of___ftpack              text9        01D6
__end_of___wmul                text3        027E
__end_of__initialization       cinit        000B
__end_of_getResultLed          text6        00E7
__end_of_getSensorMeasurement  text2        024A
__end_of_isr                   text12       0290
__end_of_main                  maintext     0229
__end_of_setResultLeds         text1        0291
__initialization               cinit        000B
__pcstackBANK0                 cstackBANK0  0020
__pcstackCOMMON                cstackCOMMON 0070
__pintentry                    intentry     0004
__pmaintext                    maintext     0202
__ptext1                       text1        0290
__ptext10                      text10       027E
__ptext11                      text11       0291
__ptext12                      text12       0289
__ptext2                       text2        0229
__ptext3                       text3        0265
__ptext4                       text4        024A
__ptext5                       text5        014F
__ptext6                       text6        000D
__ptext7                       text7        01D6
__ptext8                       text8        00E7
__ptext9                       text9        0194
__size_of_ConfigureOscillator  (abs)        0000
__size_of_InitApp              (abs)        0000
__size_of___awdiv              (abs)        0000
__size_of___awtoft             (abs)        0000
__size_of___ftdiv              (abs)        0000
__size_of___ftge               (abs)        0000
__size_of___ftpack             (abs)        0000
__size_of___wmul               (abs)        0000
__size_of_getResultLed         (abs)        0000
__size_of_getSensorMeasurement (abs)        0000
__size_of_isr                  (abs)        0000
__size_of_main                 (abs)        0000
__size_of_setResultLeds        (abs)        0000
_getResultLed                  text6        000D
_getSensorMeasurement          text2        0229
_isr                           text12       0289
_main                          maintext     0202
_setResultLeds                 text1        0290
btemp                          (abs)        007E
end_of_initialization          cinit        000B
getResultLed@voltage           cstackBANK0  0035
getSensorMeasurement@val       cstackBANK0  002B
interrupt_function             intentry     0004
intlevel0                      functab      0000
intlevel1                      functab      0000
intlevel2                      functab      0000
intlevel3                      functab      0000
intlevel4                      functab      0000
intlevel5                      functab      0000
ltemp                          (abs)        007E
ltemp0                         (abs)        007E
ltemp1                         (abs)        0082
ltemp2                         (abs)        0086
ltemp3                         (abs)        0080
main@leds                      cstackBANK0  003E
main@sensorMeasurement         cstackBANK0  003B
reset_vec                      reset_vec    0000
saved_w                        (abs)        007E
setResultLeds@leds             cstackCOMMON 0072
stackhi                        (abs)        0000
stacklo                        (abs)        0000
start                          init         000A
start_initialization           cinit        000B
ttemp                          (abs)        007E
ttemp0                         (abs)        007E
ttemp1                         (abs)        0081
ttemp2                         (abs)        0084
ttemp3                         (abs)        0087
ttemp4                         (abs)        007F
wtemp                          (abs)        007E
wtemp0                         (abs)        007E
wtemp1                         (abs)        0080
wtemp2                         (abs)        0082
wtemp3                         (abs)        0084
wtemp4                         (abs)        0086
wtemp5                         (abs)        0088
wtemp6                         (abs)        007F


FUNCTION INFORMATION:

 *************** function _main *****************
 Defined at:
		line 27 in file "main.c"
 Parameters:    Size  Location     Type
		None
 Auto vars:     Size  Location     Type
  sensorMeasur    3   27[BANK0 ] 
  leds            2   30[BANK0 ] unsigned int 
 Return value:  Size  Location     Type
                  1    wreg      void 
 Registers used:
		wreg, status,2, status,0, pclath, cstack
 Tracked objects:
		On entry : 
		On exit  : 
		Unchanged: 
 Data sizes:     COMMON   BANK0   BANK1
      Params:         0       0       0
      Locals:         0       5       0
      Temps:          0       3       0
      Totals:         0       8       0
Total ram usage:        8 bytes
 Hardware stack levels required when called:    4
 This function calls:
		_ConfigureOscillator
		_InitApp
		_getResultLed
		_getSensorMeasurement
		_setResultLeds
 This function is called by:
		Startup code after reset
 This function uses a non-reentrant model


 *************** function _setResultLeds *****************
 Defined at:
		line 111 in file "main.c"
 Parameters:    Size  Location     Type
  leds            2    2[COMMON] unsigned int 
 Auto vars:     Size  Location     Type
		None
 Return value:  Size  Location     Type
                  1    wreg      void 
 Registers used:
		None
 Tracked objects:
		On entry : 
		On exit  : 
		Unchanged: 
 Data sizes:     COMMON   BANK0   BANK1
      Params:         2       0       0
      Locals:         0       0       0
      Temps:          0       0       0
      Totals:         2       0       0
Total ram usage:        2 bytes
 Hardware stack levels used:    1
 Hardware stack levels required when called:    1
 This function calls:
		Nothing
 This function is called by:
		_main
 This function uses a non-reentrant model


 *************** function _getSensorMeasurement *****************
 Defined at:
		line 64 in file "main.c"
 Parameters:    Size  Location     Type
		None
 Auto vars:     Size  Location     Type
  val             1   11[BANK0 ] unsigned char 
 Return value:  Size  Location     Type
                  3    8[BANK0 ] unsigned char 
 Registers used:
		wreg, status,2, status,0, pclath, cstack
 Tracked objects:
		On entry : 
		On exit  : 
		Unchanged: 
 Data sizes:     COMMON   BANK0   BANK1
      Params:         0       3       0
      Locals:         0       1       0
      Temps:          0       0       0
      Totals:         0       4       0
Total ram usage:        4 bytes
 Hardware stack levels used:    1
 Hardware stack levels required when called:    3
 This function calls:
		___awdiv
		___awtoft
		___wmul
 This function is called by:
		_main
 This function uses a non-reentrant model


 *************** function ___wmul *****************
 Defined at:
		line 15 in file "C:\Program Files (x86)\Microchip\xc8\v1.38\sources\common\Umul16.c"
 Parameters:    Size  Location     Type
  multiplier      2    2[COMMON] unsigned int 
  multiplicand    2    4[COMMON] unsigned int 
 Auto vars:     Size  Location     Type
  product         2    6[COMMON] unsigned int 
 Return value:  Size  Location     Type
                  2    2[COMMON] unsigned int 
 Registers used:
		wreg, status,2, status,0
 Tracked objects:
		On entry : 
		On exit  : 
		Unchanged: 
 Data sizes:     COMMON   BANK0   BANK1
      Params:         4       0       0
      Locals:         2       0       0
      Temps:          0       0       0
      Totals:         6       0       0
Total ram usage:        6 bytes
 Hardware stack levels used:    1
 Hardware stack levels required when called:    1
 This function calls:
		Nothing
 This function is called by:
		_getSensorMeasurement
 This function uses a non-reentrant model


 *************** function ___awtoft *****************
 Defined at:
		line 32 in file "C:\Program Files (x86)\Microchip\xc8\v1.38\sources\common\awtoft.c"
 Parameters:    Size  Location     Type
  c               2    4[BANK0 ] int 
 Auto vars:     Size  Location     Type
  sign            1    7[BANK0 ] unsigned char 
 Return value:  Size  Location     Type
                  3    4[BANK0 ] float 
 Registers used:
		wreg, status,2, status,0, pclath, cstack
 Tracked objects:
		On entry : 
		On exit  : 
		Unchanged: 
 Data sizes:     COMMON   BANK0   BANK1
      Params:         0       3       0
      Locals:         0       1       0
      Temps:          0       0       0
      Totals:         0       4       0
Total ram usage:        4 bytes
 Hardware stack levels used:    1
 Hardware stack levels required when called:    2
 This function calls:
		___ftpack
 This function is called by:
		_getSensorMeasurement
 This function uses a non-reentrant model


 *************** function ___awdiv *****************
 Defined at:
		line 6 in file "C:\Program Files (x86)\Microchip\xc8\v1.38\sources\common\awdiv.c"
 Parameters:    Size  Location     Type
  divisor         2    8[COMMON] int 
  dividend        2   10[COMMON] int 
 Auto vars:     Size  Location     Type
  quotient        2    2[BANK0 ] int 
  sign            1    1[BANK0 ] unsigned char 
  counter         1    0[BANK0 ] unsigned char 
 Return value:  Size  Location     Type
                  2    8[COMMON] int 
 Registers used:
		wreg, status,2, status,0
 Tracked objects:
		On entry : 
		On exit  : 
		Unchanged: 
 Data sizes:     COMMON   BANK0   BANK1
      Params:         4       0       0
      Locals:         0       4       0
      Temps:          0       0       0
      Totals:         4       4       0
Total ram usage:        8 bytes
 Hardware stack levels used:    1
 Hardware stack levels required when called:    1
 This function calls:
		Nothing
 This function is called by:
		_getSensorMeasurement
 This function uses a non-reentrant model


 *************** function _getResultLed *****************
 Defined at:
		line 77 in file "main.c"
 Parameters:    Size  Location     Type
  voltage         3   21[BANK0 ] int 
 Auto vars:     Size  Location     Type
		None
 Return value:  Size  Location     Type
                  2   21[BANK0 ] unsigned int 
 Registers used:
		wreg, status,2, status,0, pclath, cstack
 Tracked objects:
		On entry : 
		On exit  : 
		Unchanged: 
 Data sizes:     COMMON   BANK0   BANK1
      Params:         0       3       0
      Locals:         0       0       0
      Temps:          0       0       0
      Totals:         0       3       0
Total ram usage:        3 bytes
 Hardware stack levels used:    1
 Hardware stack levels required when called:    3
 This function calls:
		___ftdiv
		___ftge
 This function is called by:
		_main
 This function uses a non-reentrant model


 *************** function ___ftge *****************
 Defined at:
		line 4 in file "C:\Program Files (x86)\Microchip\xc8\v1.38\sources\common\ftge.c"
 Parameters:    Size  Location     Type
  ff1             3   15[BANK0 ] float 
  ff2             3   18[BANK0 ] float 
 Auto vars:     Size  Location     Type
		None
 Return value:  Size  Location     Type
		None               void
 Registers used:
		wreg, status,2, status,0
 Tracked objects:
		On entry : 
		On exit  : 
		Unchanged: 
 Data sizes:     COMMON   BANK0   BANK1
      Params:         0       6       0
      Locals:         0       0       0
      Temps:          0       0       0
      Totals:         0       6       0
Total ram usage:        6 bytes
 Hardware stack levels used:    1
 Hardware stack levels required when called:    1
 This function calls:
		Nothing
 This function is called by:
		_getResultLed
 This function uses a non-reentrant model


 *************** function ___ftdiv *****************
 Defined at:
		line 56 in file "C:\Program Files (x86)\Microchip\xc8\v1.38\sources\common\ftdiv.c"
 Parameters:    Size  Location     Type
  f2              3    0[BANK0 ] float 
  f1              3    3[BANK0 ] float 
 Auto vars:     Size  Location     Type
  f3              3   10[BANK0 ] float 
  sign            1   14[BANK0 ] unsigned char 
  exp             1   13[BANK0 ] unsigned char 
  cntr            1    9[BANK0 ] unsigned char 
 Return value:  Size  Location     Type
                  3    0[BANK0 ] float 
 Registers used:
		wreg, status,2, status,0, pclath, cstack
 Tracked objects:
		On entry : 
		On exit  : 
		Unchanged: 
 Data sizes:     COMMON   BANK0   BANK1
      Params:         0       6       0
      Locals:         0       6       0
      Temps:          0       3       0
      Totals:         0      15       0
Total ram usage:       15 bytes
 Hardware stack levels used:    1
 Hardware stack levels required when called:    2
 This function calls:
		___ftpack
 This function is called by:
		_getResultLed
 This function uses a non-reentrant model


 *************** function ___ftpack *****************
 Defined at:
		line 62 in file "C:\Program Files (x86)\Microchip\xc8\v1.38\sources\common\float.c"
 Parameters:    Size  Location     Type
  arg             3    2[COMMON] unsigned um
  exp             1    5[COMMON] unsigned char 
  sign            1    6[COMMON] unsigned char 
 Auto vars:     Size  Location     Type
		None
 Return value:  Size  Location     Type
                  3    2[COMMON] float 
 Registers used:
		wreg, status,2, status,0
 Tracked objects:
		On entry : 
		On exit  : 
		Unchanged: 
 Data sizes:     COMMON   BANK0   BANK1
      Params:         5       0       0
      Locals:         0       0       0
      Temps:          3       0       0
      Totals:         8       0       0
Total ram usage:        8 bytes
 Hardware stack levels used:    1
 Hardware stack levels required when called:    1
 This function calls:
		Nothing
 This function is called by:
		___awtoft
		___ftdiv
 This function uses a non-reentrant model


 *************** function _InitApp *****************
 Defined at:
		line 14 in file "user.c"
 Parameters:    Size  Location     Type
		None
 Auto vars:     Size  Location     Type
		None
 Return value:  Size  Location     Type
                  1    wreg      void 
 Registers used:
		wreg, status,2, status,0
 Tracked objects:
		On entry : 
		On exit  : 
		Unchanged: 
 Data sizes:     COMMON   BANK0   BANK1
      Params:         0       0       0
      Locals:         0       0       0
      Temps:          0       0       0
      Totals:         0       0       0
Total ram usage:        0 bytes
 Hardware stack levels used:    1
 Hardware stack levels required when called:    1
 This function calls:
		Nothing
 This function is called by:
		_main
 This function uses a non-reentrant model


 *************** function _ConfigureOscillator *****************
 Defined at:
		line 13 in file "system.c"
 Parameters:    Size  Location     Type
		None
 Auto vars:     Size  Location     Type
		None
 Return value:  Size  Location     Type
                  1    wreg      void 
 Registers used:
		None
 Tracked objects:
		On entry : 
		On exit  : 
		Unchanged: 
 Data sizes:     COMMON   BANK0   BANK1
      Params:         0       0       0
      Locals:         0       0       0
      Temps:          0       0       0
      Totals:         0       0       0
Total ram usage:        0 bytes
 Hardware stack levels used:    1
 Hardware stack levels required when called:    1
 This function calls:
		Nothing
 This function is called by:
		_main
 This function uses a non-reentrant model


 *************** function _isr *****************
 Defined at:
		line 13 in file "interrupts.c"
 Parameters:    Size  Location     Type
		None
 Auto vars:     Size  Location     Type
		None
 Return value:  Size  Location     Type
                  1    wreg      void 
 Registers used:
		None
 Tracked objects:
		On entry : 
		On exit  : 
		Unchanged: 
 Data sizes:     COMMON   BANK0   BANK1
      Params:         0       0       0
      Locals:         0       0       0
      Temps:          2       0       0
      Totals:         2       0       0
Total ram usage:        2 bytes
 Hardware stack levels used:    1
 This function calls:
		Nothing
 This function is called by:
		Interrupt level 1
 This function uses a non-reentrant model



MODULE INFORMATION

Module		Function		Class		Link	Load	Size
C:\Program Files (x86)\Microchip\xc8\v1.38\sources\common\float.c
		___ftpack      		CODE           	0194	0000	67

C:\Program Files (x86)\Microchip\xc8\v1.38\sources\common\float.c estimated size: 67

C:\Program Files (x86)\Microchip\xc8\v1.38\sources\common\Umul16.c
		___wmul        		CODE           	0265	0000	26

C:\Program Files (x86)\Microchip\xc8\v1.38\sources\common\Umul16.c estimated size: 26

interrupts.c
		_isr           		CODE           	0289	0000	8

interrupts.c estimated size: 8

C:\Program Files (x86)\Microchip\xc8\v1.38\sources\common\ftdiv.c
		___ftdiv       		CODE           	00E7	0000	105

C:\Program Files (x86)\Microchip\xc8\v1.38\sources\common\ftdiv.c estimated size: 105

C:\Program Files (x86)\Microchip\xc8\v1.38\sources\common\awdiv.c
		___awdiv       		CODE           	014F	0000	70

C:\Program Files (x86)\Microchip\xc8\v1.38\sources\common\awdiv.c estimated size: 70

shared
		__initialization		CODE           	000B	0000	1

shared estimated size: 1

C:\Program Files (x86)\Microchip\xc8\v1.38\sources\common\awtoft.c
		___awtoft      		CODE           	024A	0000	28

C:\Program Files (x86)\Microchip\xc8\v1.38\sources\common\awtoft.c estimated size: 28

user.c
		_InitApp       		CODE           	027E	0000	12

user.c estimated size: 12

main.c
		_setResultLeds 		CODE           	0290	0000	2
		_main          		CODE           	0202	0000	40
		_getResultLed  		CODE           	000D	0000	219
		_getSensorMeasurement		CODE           	0229	0000	34

main.c estimated size: 295

system.c
		_ConfigureOscillator		CODE           	0291	0000	2

system.c estimated size: 2

C:\Program Files (x86)\Microchip\xc8\v1.38\sources\common\ftge.c
		___ftge        		CODE           	01D6	0000	45

C:\Program Files (x86)\Microchip\xc8\v1.38\sources\common\ftge.c estimated size: 45

